[0m[3;3H[38;5;177m[48;5;16m0[3;4H7[3;5H/[3;6H0[3;7H1[3;8H/[3;9H2[3;10H0[3;11H1[3;12H6[3;13H [3;14H2[3;15H1[3;16H:[3;17H3[3;18H2[3;19H:[3;20H1[3;21H9[3;22H[38;5;30m[48;5;16m [3;23Hn[3;24Hu[3;25Hl[3;26Hl[3;27H[38;5;188m[48;5;16m [3;28H>[3;29H [3;30Hh[3;31Hi[0m