[0m[2;2H[39m[49m(0l(B[2;3H(0q(B[2;4H [2;5HT[2;6He[2;7Hs[2;8Ht[2;9H [2;10H(0q(B[2;11H(0q(B[2;12H(0q(B[2;13H(0q(B[2;14H(0q(B[2;15H(0q(B[2;16H(0q(B[2;17H(0q(B[2;18H(0q(B[2;19H(0q(B[2;20H(0q(B[2;21H(0q(B[2;22H(0q(B[2;23H(0q(B[2;24H(0q(B[2;25H(0q(B[2;26H(0q(B[2;27H(0q(B[2;28H(0q(B[2;29H(0q(B[2;30H(0q(B[2;31H(0q(B[2;32H(0k(B[0m[3;2H[39m[49m(0x(B[3;3H[38;5;208m[49mv[3;4Hi[3;5He[3;6Hw[3;7H-[3;8H>[3;9Hl[3;10Hi[3;11Hn[3;12He[3;13H [3;14H1[3;32H[39m[49m(0x(B[0m[4;2H[39m[49m(0x(B[4;3H[38;5;226m[49mv[4;4Hi[4;5He[4;6Hw[4;7H-[4;8H>[4;9Hl[4;10Hi[4;11Hn[4;12He[4;13H [4;14H2[4;32H[39m[49m(0x(B[0m[5;2H[39m[49m(0x(B[5;32H(0x(B[0m[6;2H[39m[49m(0m(B[6;3H(0q(B[6;4H(0q(B[6;5H(0q(B[6;6H(0q(B[6;7H(0q(B[6;8H(0q(B[6;9H(0q(B[6;10H(0q(B[6;11H(0q(B[6;12H(0q(B[6;13H(0q(B[6;14H(0q(B[6;15H(0q(B[6;16H(0q(B[6;17H(0q(B[6;18H(0q(B[6;19H(0q(B[6;20H(0q(B[6;21H(0q(B[6;22H(0q(B[6;23H(0q(B[6;24H(0q(B[6;25H(0q(B[6;26H(0q(B[6;27H(0q(B[6;28H(0q(B[6;29H(0q(B[6;30H(0q(B[6;31H(0q(B[6;32H(0j(B[0m