[0m[2;2H[39m[49m(0l(B[2;3H(0q(B[2;4H [2;5HT[2;6He[2;7Hs[2;8Ht[2;9H [2;10H(0q(B[2;11H(0q(B[2;12H(0q(B[2;13H(0q(B[2;14H(0q(B[2;15H(0q(B[2;16H(0q(B[2;17H(0q(B[2;18H(0q(B[2;19H(0q(B[2;20H(0q(B[2;21H(0q(B[2;22H(0q(B[2;23H(0q(B[2;24H(0q(B[2;25H(0q(B[2;26H(0q(B[2;27H(0q(B[2;28H(0q(B[2;29H(0q(B[2;30H(0q(B[2;31H(0q(B[2;32H(0k(B[0m[3;2H[39m[49m(0x(B[3;3H[38;5;46m[49mv[3;4Hi[3;5He[3;6Hw[3;7H-[3;8H>[3;9Hl[3;10Hi[3;11Hn[3;12He[3;13H [3;14H1[3;15H-[3;16H>[3;17Hs[3;18Ht[3;19Hr[3;20He[3;21Ha[3;22Hm[3;23H[39m[49m [3;24H [3;25H [3;26H [3;27H [3;28H [3;29H [3;30H [3;31H [3;32H(0x(B[0m[4;2H[39m[49m(0x(B[4;3H[38;5;33m[49mv[4;4Hi[4;5He[4;6Hw[4;7H-[4;8H>[4;9Hl[4;10Hi[4;11Hn[4;12He[4;13H [4;14H2[4;15H-[4;16H>[4;17Hs[4;18Ht[4;19Hr[4;20He[4;21Ha[4;22Hm[4;23H [4;24H1[4;25H[38;5;201m[49mv[4;26Hi[4;27He[4;28Hw[4;29H-[4;30H>[4;31Hl[4;32H[39m[49m(0x(B[0m[5;2H[39m[49m(0x(B[5;3H [5;4H [5;5H [5;6H [5;7H [5;8H [5;9H [5;10H [5;11H [5;12H [5;13H [5;14H [5;15H [5;16H [5;17H [5;18H [5;19H [5;20H [5;21H [5;22H [5;23H [5;24H [5;25H [5;26H [5;27H [5;28H [5;29H [5;30H [5;31H [5;32H(0x(B[0m[6;2H[39m[49m(0m(B[6;3H(0q(B[6;4H(0q(B[6;5H(0q(B[6;6H(0q(B[6;7H(0q(B[6;8H(0q(B[6;9H(0q(B[6;10H(0q(B[6;11H(0q(B[6;12H(0q(B[6;13H(0q(B[6;14H(0q(B[6;15H(0q(B[6;16H(0q(B[6;17H(0q(B[6;18H(0q(B[6;19H(0q(B[6;20H(0q(B[6;21H(0q(B[6;22H(0q(B[6;23H(0q(B[6;24H(0q(B[6;25H(0q(B[6;26H(0q(B[6;27H(0q(B[6;28H(0q(B[6;29H(0q(B[6;30H(0q(B[6;31H(0q(B[6;32H(0j(B[0m