[0m[2;2H[38;5;231m[49m(0x(B[2;3H[39m[49mo[2;4Hn[2;5Hl[2;6Hy[0m[3;2H[38;5;231m[49m(0x(B[3;3H[39m[49ml[3;4He[3;5Hf[3;6Ht[0m[4;2H[38;5;231m[49m(0x(B[0m[5;2H[38;5;231m[49m(0x(B[0m[6;2H[38;5;231m[49m(0x(B[0m