[0m[1;1H[38;5;231m[48;5;18m(0l(B[1;2H(0q(B[1;3H [1;4HW[1;5Hi[1;6Hd[1;7Ht[1;8Hh[1;9H:[1;10H [1;11H1[1;12H0[1;13H0[1;14H [1;15HH[1;16He[1;17Hi[1;18Hg[1;19Hh[1;20Ht[1;21H:[1;22H [1;23H5[1;24H0[1;25H [1;26H(0q(B[1;27H(0q(B[1;28H(0q(B[1;29H(0q(B[1;30H(0q(B[1;31H(0q(B[1;32H(0q(B[1;33H(0q(B[1;34H(0q(B[1;35H(0q(B[1;36H(0q(B[1;37H(0q(B[1;38H(0q(B[1;39H(0q(B[1;40H(0q(B[1;41H(0q(B[1;42H(0q(B[1;43H(0q(B[1;44H(0q(B[1;45H(0q(B[1;46H(0q(B[1;47H(0q(B[1;48H(0q(B[1;49H(0q(B[1;50H(0q(B[1;51H(0q(B[1;52H(0q(B[1;53H(0q(B[1;54H(0q(B[1;55H(0q(B[1;56H(0q(B[1;57H(0q(B[1;58H(0q(B[1;59H(0q(B[1;60H(0q(B[1;61H(0q(B[1;62H(0q(B[1;63H(0q(B[1;64H(0q(B[1;65H(0q(B[1;66H(0q(B[1;67H(0q(B[1;68H(0q(B[1;69H(0q(B[1;70H(0q(B[1;71H(0q(B[1;72H(0q(B[1;73H(0q(B[1;74H(0q(B[1;75H(0q(B[1;76H(0q(B[1;77H(0q(B[1;78H(0q(B[1;79H(0q(B[1;80H(0q(B[1;81H(0q(B[1;82H(0q(B[1;83H(0q(B[1;84H(0q(B[1;85H(0q(B[1;86H(0q(B[1;87H(0q(B[1;88H(0q(B[1;89H(0q(B[1;90H(0q(B[1;91H(0q(B[1;92H(0q(B[1;93H(0q(B[1;94H(0q(B[1;95H(0q(B[1;96H(0q(B[1;97H(0q(B[1;98H(0q(B[1;99H(0q(B[1;100H(0k(B[0m[2;1H[38;5;231m[48;5;18m(0x(B[2;2H2[2;3H-[2;4H-[2;5H[38;5;226m[48;5;18m+[2;6H[38;5;231m[48;5;18m-[2;7H-[2;8H-[2;9H-[2;10H1[2;11H0[2;12H-[2;13H-[2;14H-[2;15H-[2;16H-[2;17H-[2;18H-[2;19H-[2;20H2[2;21H0[2;22H-[2;23H-[2;24H-[2;25H-[2;26H-[2;27H-[2;28H-[2;29H-[2;30H3[2;31H0[2;32H-[2;33H-[2;34H-[2;35H-[2;36H-[2;37H-[2;38H-[2;39H-[2;40H4[2;41H0[2;42H-[2;43H-[2;44H-[2;45H-[2;46H-[2;47H-[2;48H-[2;49H-[2;50H5[2;51H0[2;52H-[2;53H-[2;54H-[2;55H-[2;56H-[2;57H-[2;58H-[2;59H-[2;60H6[2;61H0[2;62H-[2;63H-[2;64H-[2;65H-[2;66H-[2;67H-[2;68H-[2;69H-[2;70H7[2;71H0[2;72H-[2;73H-[2;74H-[2;75H-[2;76H-[2;77H-[2;78H-[2;79H-[2;80H8[2;81H0[2;82H-[2;83H-[2;84H-[2;85H[38;5;226m[48;5;18m+[2;86H[38;5;231m[48;5;18m-[2;87H-[2;88H-[2;89H-[2;90H9[2;91H0[2;92H-[2;93H-[2;94H-[2;95H[38;5;226m[48;5;18m+[2;96H[38;5;231m[48;5;18m-[2;97H-[2;98H-[2;99H-[2;100H(0x(B[0m[3;1H[38;5;231m[48;5;18m(0x(B[3;2H-[3;100H(0x(B[0m[4;1H[38;5;231m[48;5;18m(0x(B[4;2H-[4;100H(0x(B[0m[5;1H[38;5;231m[48;5;18m(0x(B[5;2H[38;5;226m[48;5;18m+[5;100H[38;5;231m[48;5;18m(0x(B[0m[6;1H[38;5;231m[48;5;18m(0x(B[6;2H-[6;100H(0x(B[0m[7;1H[38;5;231m[48;5;18m(0x(B[7;2H-[7;100H(0x(B[0m[8;1H[38;5;231m[48;5;18m(0x(B[8;2H-[8;100H(0x(B[0m[9;1H[38;5;231m[48;5;18m(0x(B[9;2H-[9;100H(0x(B[0m[10;1H[38;5;231m[48;5;18m(0x(B[10;2H1[10;3H0[10;100H(0x(B[0m[11;1H[38;5;231m[48;5;18m(0x(B[11;2H-[11;100H(0x(B[0m[12;1H[38;5;231m[48;5;18m(0x(B[12;2H-[12;100H(0x(B[0m[13;1H[38;5;231m[48;5;18m(0x(B[13;2H-[13;100H(0x(B[0m[14;1H[38;5;231m[48;5;18m(0x(B[14;2H-[14;100H(0x(B[0m[15;1H[38;5;231m[48;5;18m(0x(B[15;2H-[15;100H(0x(B[0m[16;1H[38;5;231m[48;5;18m(0x(B[16;2H-[16;100H(0x(B[0m[17;1H[38;5;231m[48;5;18m(0x(B[17;2H-[17;100H(0x(B[0m[18;1H[38;5;231m[48;5;18m(0x(B[18;2H-[18;100H(0x(B[0m[19;1H[38;5;231m[48;5;18m(0x(B[19;2H-[19;100H(0x(B[0m[20;1H[38;5;231m[48;5;18m(0x(B[20;2H2[20;3H0[20;100H(0x(B[0m[21;1H[38;5;231m[48;5;18m(0x(B[21;2H-[21;100H(0x(B[0m[22;1H[38;5;231m[48;5;18m(0x(B[22;2H-[22;100H(0x(B[0m[23;1H[38;5;231m[48;5;18m(0x(B[23;2H-[23;100H(0x(B[0m[24;1H[38;5;231m[48;5;18m(0x(B[24;2H-[24;100H(0x(B[0m[25;1H[38;5;231m[48;5;18m(0x(B[25;2H-[25;100H(0x(B[0m[26;1H[38;5;231m[48;5;18m(0x(B[26;2H-[26;100H(0x(B[0m[27;1H[38;5;231m[48;5;18m(0x(B[27;2H-[27;100H(0x(B[0m[28;1H[38;5;231m[48;5;18m(0x(B[28;2H-[28;100H(0x(B[0m[29;1H[38;5;231m[48;5;18m(0x(B[29;2H-[29;100H(0x(B[0m[30;1H[38;5;231m[48;5;18m(0x(B[30;2H3[30;3H0[30;100H(0x(B[0m[31;1H[38;5;231m[48;5;18m(0x(B[31;2H-[31;100H(0x(B[0m[32;1H[38;5;231m[48;5;18m(0x(B[32;2H-[32;100H(0x(B[0m[33;1H[38;5;231m[48;5;18m(0x(B[33;2H-[33;100H(0x(B[0m[34;1H[38;5;231m[48;5;18m(0x(B[34;2H-[34;100H(0x(B[0m[35;1H[38;5;231m[48;5;18m(0x(B[35;2H[38;5;226m[48;5;18m+[35;100H[38;5;231m[48;5;18m(0x(B[0m[36;1H[38;5;231m[48;5;18m(0x(B[36;2H-[36;100H(0x(B[0m[37;1H[38;5;231m[48;5;18m(0x(B[37;2H-[37;100H(0x(B[0m[38;1H[38;5;231m[48;5;18m(0x(B[38;2H-[38;100H(0x(B[0m[39;1H[38;5;231m[48;5;18m(0x(B[39;2H-[39;100H(0x(B[0m[40;1H[38;5;231m[48;5;18m(0x(B[40;2H4[40;3H0[40;100H(0x(B[0m[41;1H[38;5;231m[48;5;18m(0x(B[41;2H-[41;100H(0x(B[0m[42;1H[38;5;231m[48;5;18m(0x(B[42;2H-[42;100H(0x(B[0m[43;1H[38;5;231m[48;5;18m(0x(B[43;2H-[43;100H(0x(B[0m[44;1H[38;5;231m[48;5;18m(0x(B[44;2H-[44;100H(0x(B[0m[45;1H[38;5;231m[48;5;18m(0x(B[45;2H[38;5;226m[48;5;18m+[45;100H[38;5;231m[48;5;18m(0x(B[0m[46;1H[38;5;231m[48;5;18m(0x(B[46;2H-[46;100H(0x(B[0m[47;1H[38;5;231m[48;5;18m(0x(B[47;2H-[47;100H(0x(B[0m[48;1H[38;5;231m[48;5;18m(0x(B[48;2H-[48;100H(0x(B[0m[49;1H[38;5;231m[48;5;18m(0x(B[49;2H-[49;100H(0x(B[0m[50;1H[38;5;231m[48;5;18m(0m(B[50;2H(0q(B[50;3H(0q(B[50;4H(0q(B[50;5H(0q(B[50;6H(0q(B[50;7H(0q(B[50;8H(0q(B[50;9H(0q(B[50;10H(0q(B[50;11H(0q(B[50;12H(0q(B[50;13H(0q(B[50;14H(0q(B[50;15H(0q(B[50;16H(0q(B[50;17H(0q(B[50;18H(0q(B[50;19H(0q(B[50;20H(0q(B[50;21H(0q(B[50;22H(0q(B[50;23H(0q(B[50;24H(0q(B[50;25H(0q(B[50;26H(0q(B[50;27H(0q(B[50;28H(0q(B[50;29H(0q(B[50;30H(0q(B[50;31H(0q(B[50;32H(0q(B[50;33H(0q(B[50;34H(0q(B[50;35H(0q(B[50;36H(0q(B[50;37H(0q(B[50;38H(0q(B[50;39H(0q(B[50;40H(0q(B[50;41H(0q(B[50;42H(0q(B[50;43H(0q(B[50;44H(0q(B[50;45H(0q(B[50;46H(0q(B[50;47H(0q(B[50;48H(0q(B[50;49H(0q(B[50;50H(0q(B[50;51H(0q(B[50;52H(0q(B[50;53H(0q(B[50;54H(0q(B[50;55H(0q(B[50;56H(0q(B[50;57H(0q(B[50;58H(0q(B[50;59H(0q(B[50;60H(0q(B[50;61H(0q(B[50;62H(0q(B[50;63H(0q(B[50;64H(0q(B[50;65H(0q(B[50;66H(0q(B[50;67H(0q(B[50;68H(0q(B[50;69H(0q(B[50;70H(0q(B[50;71H(0q(B[50;72H(0q(B[50;73H(0q(B[50;74H(0q(B[50;75H(0q(B[50;76H(0q(B[50;77H(0q(B[50;78H(0q(B[50;79H(0q(B[50;80H(0q(B[50;81H(0q(B[50;82H(0q(B[50;83H(0q(B[50;84H(0q(B[50;85H(0q(B[50;86H(0q(B[50;87H(0q(B[50;88H(0q(B[50;89H(0q(B[50;90H(0q(B[50;91H(0q(B[50;92H(0q(B[50;93H(0q(B[50;94H(0q(B[50;95H(0q(B[50;96H(0q(B[50;97H(0q(B[50;98H(0q(B[50;99H(0q(B[50;100H(0j(B[0m