[0m[2;2H[39m[49mb[2;3Ho[2;4Hr[2;5Hd[2;6He[2;7Hr[2;8H [2;9Ho[2;10Hf[2;11Hf[0m