[0m[2;2H[39m[49m(0x(B[2;3Hn[2;4Ho[2;5H [2;6Ht[2;7Ho[2;8Hp[2;32H(0x(B[0m[3;2H[39m[49m(0x(B[3;32H(0x(B[0m[4;2H[39m[49m(0x(B[4;32H(0x(B[0m[5;2H[39m[49m(0x(B[5;32H(0x(B[0m[6;2H[39m[49m(0m(B[6;3H(0q(B[6;4H(0q(B[6;5H(0q(B[6;6H(0q(B[6;7H(0q(B[6;8H(0q(B[6;9H(0q(B[6;10H(0q(B[6;11H(0q(B[6;12H(0q(B[6;13H(0q(B[6;14H(0q(B[6;15H(0q(B[6;16H(0q(B[6;17H(0q(B[6;18H(0q(B[6;19H(0q(B[6;20H(0q(B[6;21H(0q(B[6;22H(0q(B[6;23H(0q(B[6;24H(0q(B[6;25H(0q(B[6;26H(0q(B[6;27H(0q(B[6;28H(0q(B[6;29H(0q(B[6;30H(0q(B[6;31H(0q(B[6;32H(0j(B[0m