[0m[2;2H[39m[49mo[2;3Hn[2;4Hl[2;5Hy[2;32H[38;5;231m[49m(0x(B[0m[3;2H[39m[49mr[3;3Hi[3;4Hg[3;5Hh[3;6Ht[3;32H[38;5;231m[49m(0x(B[0m[4;32H[38;5;231m[49m(0x(B[0m[5;32H[38;5;231m[49m(0x(B[0m[6;32H[38;5;231m[49m(0x(B[0m