[0m[2;2H[39m[49m(0l(B[2;3H(0q(B[2;4H [2;5HT[2;6He[2;7Hs[2;8Ht[2;9H [2;10H(0q(B[2;11H(0q(B[2;12H(0q(B[2;13H(0q(B[2;14H(0q(B[2;15H(0q(B[2;16H(0q(B[2;17H(0q(B[2;18H(0q(B[2;19H(0q(B[2;20H(0q(B[2;21H(0q(B[2;22H(0q(B[2;23H(0q(B[2;24H(0q(B[2;25H(0q(B[2;26H(0q(B[2;27H(0q(B[2;28H(0q(B[2;29H(0q(B[2;30H(0q(B[2;31H(0q(B[2;32H(0k(B[0m[3;2H[39m[49m(0x(B[3;3H[38;5;27m[49m [3;4H [3;5H [3;6H [3;7Hv[3;8Hi[3;9He[3;10Hw[3;11H-[3;12H>[3;13Hl[3;14Hi[3;15Hn[3;16He[3;17Hs[3;18H-[3;19H>[3;20Hc[3;21He[3;22Hn[3;23Ht[3;24Hr[3;25He[3;26H [3;27H1[3;28H [3;29H [3;30H [3;31H [3;32H[39m[49m(0x(B[0m[4;2H[39m[49m(0x(B[4;3H[38;5;16m[48;5;27m [4;4H [4;5H [4;6H [4;7Hv[4;8Hi[4;9He[4;10Hw[4;11H-[4;12H>[4;13Hl[4;14Hi[4;15Hn[4;16He[4;17Hs[4;18H-[4;19H>[4;20Hc[4;21He[4;22Hn[4;23Ht[4;24Hr[4;25He[4;26H [4;27H2[4;28H [4;29H [4;30H [4;31H [4;32H[39m[49m(0x(B[0m[5;2H[39m[49m(0x(B[5;3H [5;4H [5;5H [5;6H [5;7H [5;8H [5;9H [5;10H [5;11H [5;12H [5;13H [5;14H [5;15H [5;16H [5;17H [5;18H [5;19H [5;20H [5;21H [5;22H [5;23H [5;24H [5;25H [5;26H [5;27H [5;28H [5;29H [5;30H [5;31H [5;32H(0x(B[0m[6;2H[39m[49m(0m(B[6;3H(0q(B[6;4H(0q(B[6;5H(0q(B[6;6H(0q(B[6;7H(0q(B[6;8H(0q(B[6;9H(0q(B[6;10H(0q(B[6;11H(0q(B[6;12H(0q(B[6;13H(0q(B[6;14H(0q(B[6;15H(0q(B[6;16H(0q(B[6;17H(0q(B[6;18H(0q(B[6;19H(0q(B[6;20H(0q(B[6;21H(0q(B[6;22H(0q(B[6;23H(0q(B[6;24H(0q(B[6;25H(0q(B[6;26H(0q(B[6;27H(0q(B[6;28H(0q(B[6;29H(0q(B[6;30H(0q(B[6;31H(0q(B[6;32H(0j(B[0m