[0m[2;2H[38;5;202m[49m(0l(B[2;3H[38;5;231m[48;5;16m(0*(B[2;4H(0*(B[2;5H(0*(B[2;6H(0*(B[2;7H(0*(B[2;8H(0*(B[2;9H(0*(B[2;10H(0*(B[2;11H(0*(B[2;12H(0*(B[2;13H(0*(B[2;14H(0*(B[2;15H(0*(B[2;16H(0*(B[2;17H(0*(B[2;18H(0*(B[2;19H(0*(B[2;20H(0*(B[2;21H(0*(B[2;22H(0*(B[2;23H(0*(B[2;24H(0*(B[2;25H(0*(B[2;26H(0*(B[2;27H(0*(B[2;28H(0*(B[2;29H(0*(B[2;30H(0*(B[2;31H(0*(B[2;32H[38;5;202m[49m(0k(B[0m[3;2H[38;5;231m[48;5;21m(0$(B[3;3H[39m[49mc[3;4Hu[3;5Hs[3;6Ht[3;7Ho[3;8Hm[3;32H[38;5;16m[48;5;226m(0%(B[0m[4;2H[38;5;231m[48;5;21m(0$(B[4;3H[39m[49me[4;4Hd[4;5Hg[4;6He[4;7Hs[4;32H[38;5;16m[48;5;226m(0%(B[0m[5;2H[38;5;231m[48;5;21m(0$(B[5;32H[38;5;16m[48;5;226m(0%(B[0m[6;2H[38;5;202m[49m(0m(B[6;3H[48;5;231m(0&(B[6;4H(0&(B[6;5H(0&(B[6;6H(0&(B[6;7H(0&(B[6;8H(0&(B[6;9H(0&(B[6;10H(0&(B[6;11H(0&(B[6;12H(0&(B[6;13H(0&(B[6;14H(0&(B[6;15H(0&(B[6;16H(0&(B[6;17H(0&(B[6;18H(0&(B[6;19H(0&(B[6;20H(0&(B[6;21H(0&(B[6;22H(0&(B[6;23H(0&(B[6;24H(0&(B[6;25H(0&(B[6;26H(0&(B[6;27H(0&(B[6;28H(0&(B[6;29H(0&(B[6;30H(0&(B[6;31H(0&(B[6;32H[38;5;202m[49m(0j(B[0m