[0m[2;2H[38;5;231m[49m(0q(B[2;3H(0q(B[2;4H(0q(B[2;5H(0q(B[2;6H(0q(B[2;7H(0q(B[2;8H(0q(B[2;9H(0q(B[2;10H(0q(B[2;11H(0q(B[2;12H(0q(B[2;13H(0q(B[2;14H(0q(B[2;15H(0q(B[2;16H(0q(B[2;17H(0q(B[2;18H(0q(B[2;19H(0q(B[2;20H(0q(B[2;21H(0q(B[2;22H(0q(B[2;23H(0q(B[2;24H(0q(B[2;25H(0q(B[2;26H(0q(B[2;27H(0q(B[2;28H(0q(B[2;29H(0q(B[2;30H(0q(B[2;31H(0q(B[2;32H(0q(B[0m[3;2H[39m[49mo[3;3Hn[3;4Hl[3;5Hy[0m[4;2H[39m[49mt[4;3Ho[4;4Hp[0m