[0m[2;2H[39m[48;5;22m(0l(B[2;3H(0q(B[2;4H [2;5HT[2;6He[2;7Hs[2;8Ht[2;9H [2;10H(0q(B[2;11H(0q(B[2;12H(0q(B[2;13H(0q(B[2;14H(0q(B[2;15H(0q(B[2;16H(0q(B[2;17H(0q(B[2;18H(0q(B[2;19H(0q(B[2;20H(0q(B[2;21H(0q(B[2;22H(0q(B[2;23H(0q(B[2;24H(0q(B[2;25H(0q(B[2;26H(0q(B[2;27H(0q(B[2;28H(0q(B[2;29H(0q(B[2;30H(0q(B[2;31H(0q(B[2;32H(0k(B[0m[3;2H[39m[48;5;22m(0x(B[3;3HB[3;4Ha[3;5Hc[3;6Hk[3;7Hg[3;8Hr[3;9Ho[3;10Hu[3;11Hn[3;12Hd[3;13H [3;14Hi[3;15Hs[3;16H [3;17H#[3;18H0[3;19H0[3;20H3[3;21H3[3;22H0[3;23H0[3;32H(0x(B[0m[4;2H[39m[48;5;22m(0x(B[4;3HF[4;4Ho[4;5Hr[4;6He[4;7Hg[4;8Hr[4;9Ho[4;10Hu[4;11Hn[4;12Hd[4;13H [4;14Hi[4;15Hs[4;16H [4;17Hd[4;18He[4;19Hf[4;20Ha[4;21Hu[4;22Hl[4;23Ht[4;32H(0x(B[0m[5;2H[39m[48;5;22m(0x(B[5;32H(0x(B[0m[6;2H[39m[48;5;22m(0m(B[6;3H(0q(B[6;4H(0q(B[6;5H(0q(B[6;6H(0q(B[6;7H(0q(B[6;8H(0q(B[6;9H(0q(B[6;10H(0q(B[6;11H(0q(B[6;12H(0q(B[6;13H(0q(B[6;14H(0q(B[6;15H(0q(B[6;16H(0q(B[6;17H(0q(B[6;18H(0q(B[6;19H(0q(B[6;20H(0q(B[6;21H(0q(B[6;22H(0q(B[6;23H(0q(B[6;24H(0q(B[6;25H(0q(B[6;26H(0q(B[6;27H(0q(B[6;28H(0q(B[6;29H(0q(B[6;30H(0q(B[6;31H(0q(B[6;32H(0j(B[0m