[0m[0m[0m[3;4H[39m[49m(0l(B[3;5H(0q(B[3;6H [3;7HT[3;8He[3;9Hs[3;10Ht[3;11H [3;12H1[3;13H [3;14H(0q(B[3;15H(0q(B[3;16H(0q(B[3;17H(0q(B[3;18H(0q(B[3;19H(0q(B[3;20H(0q(B[3;21H(0q(B[3;22H(0q(B[3;23H(0q(B[3;24H(0q(B[3;25H(0q(B[3;26H(0q(B[3;27H(0q(B[3;28H(0q(B[3;29H(0q(B[3;30H(0q(B[3;31H(0q(B[3;32H(0q(B[3;33H(0q(B[3;34H(0q(B[3;35H(0k(B[3;41H(0l(B[3;42H(0q(B[3;43H [3;44HT[3;45He[3;46Hs[3;47Ht[3;48H [3;49H2[3;50H [3;51H(0q(B[3;52H(0q(B[3;53H(0q(B[3;54H(0q(B[3;55H(0q(B[3;56H(0q(B[3;57H(0q(B[3;58H(0q(B[3;59H(0q(B[3;60H(0q(B[3;61H(0q(B[3;62H(0q(B[3;63H(0q(B[3;64H(0q(B[3;65H(0q(B[3;66H(0q(B[3;67H(0q(B[3;68H(0q(B[3;69H(0q(B[3;70H(0q(B[3;71H(0q(B[3;72H(0k(B[0m[4;4H[39m[49m(0x(B[4;5H[38;5;196m[48;5;52mv[4;6Hi[4;7He[4;8Hw[4;9H-[4;10H>[4;11Hl[4;12Hi[4;13Hn[4;14He[4;15H[39m[49m [4;16H [4;17H [4;18H [4;19H [4;20H [4;21H [4;22H [4;23H [4;24H [4;25H [4;26H [4;27H [4;28H [4;29H [4;30H [4;31H [4;32H [4;33H [4;34H [4;35H(0x(B[4;41H(0x(B[4;42H[38;5;208m[49mv[4;43Hi[4;44He[4;45Hw[4;46H-[4;47H>[4;48Hl[4;49Hi[4;50Hn[4;51He[4;52H [4;53H1[4;54H[39m[49m [4;55H [4;56H [4;57H [4;58H [4;59H [4;60H [4;61H [4;62H [4;63H [4;64H [4;65H [4;66H [4;67H [4;68H [4;69H [4;70H [4;71H [4;72H(0x(B[0m[5;4H[39m[49m(0x(B[5;5H [5;6H [5;7H [5;8H [5;9H [5;10H [5;11H [5;12H [5;13H [5;14H [5;15H [5;16H [5;17H [5;18H [5;19H [5;20H [5;21H [5;22H [5;23H [5;24H [5;25H [5;26H [5;27H [5;28H [5;29H [5;30H [5;31H [5;32H [5;33H [5;34H [5;35H(0x(B[5;41H(0x(B[5;42H[38;5;226m[49mv[5;43Hi[5;44He[5;45Hw[5;46H-[5;47H>[5;48Hl[5;49Hi[5;50Hn[5;51He[5;52H [5;53H2[5;54H[39m[49m [5;55H [5;56H [5;57H [5;58H [5;59H [5;60H [5;61H [5;62H [5;63H [5;64H [5;65H [5;66H [5;67H [5;68H [5;69H [5;70H [5;71H [5;72H(0x(B[0m[6;4H[39m[49m(0x(B[6;5H [6;6H [6;7H [6;8H [6;9H [6;10H [6;11H [6;12H [6;13H [6;14H [6;15H [6;16H [6;17H [6;18H [6;19H [6;20H [6;21H [6;22H [6;23H [6;24H [6;25H [6;26H [6;27H [6;28H [6;29H [6;30H [6;31H [6;32H [6;33H [6;34H [6;35H(0x(B[6;41H(0x(B[6;42H [6;43H [6;44H [6;45H [6;46H [6;47H [6;48H [6;49H [6;50H [6;51H [6;52H [6;53H [6;54H [6;55H [6;56H [6;57H [6;58H [6;59H [6;60H [6;61H [6;62H [6;63H [6;64H [6;65H [6;66H [6;67H [6;68H [6;69H [6;70H [6;71H [6;72H(0x(B[0m[7;4H[39m[49m(0x(B[7;5H [7;6H [7;7H [7;8H [7;9H [7;10H [7;11H [7;12H [7;13H [7;14H [7;15H [7;16H [7;17H [7;18H [7;19H [7;20H [7;21H [7;22H [7;23H [7;24H [7;25H [7;26H [7;27H [7;28H [7;29H [7;30H [7;31H [7;32H [7;33H [7;34H [7;35H(0x(B[7;41H(0x(B[7;42H [7;43H [7;44H [7;45H [7;46H [7;47H [7;48H [7;49H [7;50H [7;51H [7;52H [7;53H [7;54H [7;55H [7;56H [7;57H [7;58H [7;59H [7;60H [7;61H [7;62H [7;63H [7;64H [7;65H [7;66H [7;67H [7;68H [7;69H [7;70H [7;71H [7;72H(0x(B[0m[8;4H[39m[49m(0m(B[8;5H(0q(B[8;6H(0q(B[8;7H(0q(B[8;8H(0q(B[8;9H(0q(B[8;10H(0q(B[8;11H(0q(B[8;12H(0q(B[8;13H(0q(B[8;14H(0q(B[8;15H(0q(B[8;16H(0q(B[8;17H(0q(B[8;18H(0q(B[8;19H(0q(B[8;20H(0q(B[8;21H(0q(B[8;22H(0q(B[8;23H(0q(B[8;24H(0q(B[8;25H(0q(B[8;26H(0q(B[8;27H(0q(B[8;28H(0q(B[8;29H(0q(B[8;30H(0q(B[8;31H(0q(B[8;32H(0q(B[8;33H(0q(B[8;34H(0q(B[8;35H(0j(B[8;41H(0m(B[8;42H(0q(B[8;43H(0q(B[8;44H(0q(B[8;45H(0q(B[8;46H(0q(B[8;47H(0q(B[8;48H(0q(B[8;49H(0q(B[8;50H(0q(B[8;51H(0q(B[8;52H(0q(B[8;53H(0q(B[8;54H(0q(B[8;55H(0q(B[8;56H(0q(B[8;57H(0q(B[8;58H(0q(B[8;59H(0q(B[8;60H(0q(B[8;61H(0q(B[8;62H(0q(B[8;63H(0q(B[8;64H(0q(B[8;65H(0q(B[8;66H(0q(B[8;67H(0q(B[8;68H(0q(B[8;69H(0q(B[8;70H(0q(B[8;71H(0q(B[8;72H(0j(B[0m[9;4H[39m[49mA[9;5H [9;6Hs[9;7Hi[9;8Hn[9;9Hg[9;10Hl[9;11He[9;12H [9;13Hl[9;14Hi[9;15Hn[9;16He[9;17H [9;18Hw[9;19Hi[9;20Ht[9;21Hh[9;22Hi[9;23Hn[9;24H [9;25Ha[9;26H [9;27Hv[9;28Hi[9;29He[9;30Hw[9;31H.[9;32H [9;33H [9;34H [9;35H [9;41HM[9;42Hu[9;43Hl[9;44Ht[9;45Hi[9;46Hp[9;47Hl[9;48He[9;49H [9;50Hl[9;51Hi[9;52Hn[9;53He[9;54Hs[9;55H [9;56Hw[9;57Hi[9;58Ht[9;59Hh[9;60Hi[9;61Hn[9;62H [9;63Ha[9;64H [9;65Hv[9;66Hi[9;67He[9;68Hw[9;69H.[9;70H [9;71H [9;72H [0m[10;4H[39m[49m [10;5H [10;6H [10;7H [10;8H [10;9H [10;10H [10;11H [10;12H [10;13H [10;14H [10;15H [10;16H [10;17H [10;18H [10;19H [10;20H [10;21H [10;22H [10;23H [10;24H [10;25H [10;26H [10;27H [10;28H [10;29H [10;30H [10;31H [10;32H [10;33H [10;34H [10;35H [10;41H([10;42HN[10;43Ho[10;44H [10;45Hb[10;46Hl[10;47Ho[10;48Hc[10;49Hk[10;50H)[10;51H [10;52H [10;53H [10;54H [10;55H [10;56H [10;57H [10;58H [10;59H [10;60H [10;61H [10;62H [10;63H [10;64H [10;65H [10;66H [10;67H [10;68H [10;69H [10;70H [10;71H [10;72H [0m[11;4H[39m[49m [11;5H [11;6H [11;7H [11;8H [11;9H [11;10H [11;11H [11;12H [11;13H [11;14H [11;15H [11;16H [11;17H [11;18H [11;19H [11;20H [11;21H [11;22H [11;23H [11;24H [11;25H [11;26H [11;27H [11;28H [11;29H [11;30H [11;31H [11;32H [11;33H [11;34H [11;35H [11;41H [11;42H [11;43H [11;44H [11;45H [11;46H [11;47H [11;48H [11;49H [11;50H [11;51H [11;52H [11;53H [11;54H [11;55H [11;56H [11;57H [11;58H [11;59H [11;60H [11;61H [11;62H [11;63H [11;64H [11;65H [11;66H [11;67H [11;68H [11;69H [11;70H [11;71H [11;72H [0m[12;4H[39m[49m [12;5H [12;6H [12;7H [12;8H [12;9H [12;10H [12;11H [12;12H [12;13H [12;14H [12;15H [12;16H [12;17H [12;18H [12;19H [12;20H [12;21H [12;22H [12;23H [12;24H [12;25H [12;26H [12;27H [12;28H [12;29H [12;30H [12;31H [12;32H [12;33H [12;34H [12;35H [12;41H [12;42H [12;43H [12;44H [12;45H [12;46H [12;47H [12;48H [12;49H [12;50H [12;51H [12;52H [12;53H [12;54H [12;55H [12;56H [12;57H [12;58H [12;59H [12;60H [12;61H [12;62H [12;63H [12;64H [12;65H [12;66H [12;67H [12;68H [12;69H [12;70H [12;71H [12;72H [0m[13;4H[39m[49m [13;5H [13;6H [13;7H [13;8H [13;9H [13;10H [13;11H [13;12H [13;13H [13;14H [13;15H [13;16H [13;17H [13;18H [13;19H [13;20H [13;21H [13;22H [13;23H [13;24H [13;25H [13;26H [13;27H [13;28H [13;29H [13;30H [13;31H [13;32H [13;33H [13;34H [13;35H [13;41H [13;42H [13;43H [13;44H [13;45H [13;46H [13;47H [13;48H [13;49H [13;50H [13;51H [13;52H [13;53H [13;54H [13;55H [13;56H [13;57H [13;58H [13;59H [13;60H [13;61H [13;62H [13;63H [13;64H [13;65H [13;66H [13;67H [13;68H [13;69H [13;70H [13;71H [13;72H [0m[14;4H[39m[49m(0l(B[14;5H(0q(B[14;6H [14;7HT[14;8He[14;9Hs[14;10Ht[14;11H [14;12H3[14;13H [14;14H(0q(B[14;15H(0q(B[14;16H(0q(B[14;17H(0q(B[14;18H(0q(B[14;19H(0q(B[14;20H(0q(B[14;21H(0q(B[14;22H(0q(B[14;23H(0q(B[14;24H(0q(B[14;25H(0q(B[14;26H(0q(B[14;27H(0q(B[14;28H(0q(B[14;29H(0q(B[14;30H(0q(B[14;31H(0q(B[14;32H(0q(B[14;33H(0q(B[14;34H(0q(B[14;35H(0k(B[14;41H(0l(B[14;42H(0q(B[14;43H [14;44HT[14;45He[14;46Hs[14;47Ht[14;48H [14;49H4[14;50H [14;51H(0q(B[14;52H(0q(B[14;53H(0q(B[14;54H(0q(B[14;55H(0q(B[14;56H(0q(B[14;57H(0q(B[14;58H(0q(B[14;59H(0q(B[14;60H(0q(B[14;61H(0q(B[14;62H(0q(B[14;63H(0q(B[14;64H(0q(B[14;65H(0q(B[14;66H(0q(B[14;67H(0q(B[14;68H(0q(B[14;69H(0q(B[14;70H(0q(B[14;71H(0q(B[14;72H(0k(B[0m[15;4H[39m[49m(0x(B[15;5H[38;5;46m[49mv[15;6Hi[15;7He[15;8Hw[15;9H-[15;10H>[15;11Ht[15;12He[15;13Hx[15;14Ht[15;15H [15;16H1[15;17H[39m[49m [15;18H [15;19H [15;20H [15;21H [15;22H [15;23H [15;24H [15;25H [15;26H [15;27H [15;28H [15;29H [15;30H [15;31H [15;32H [15;33H [15;34H [15;35H(0x(B[15;41H(0x(B[15;42H[38;5;56m[49mv[15;43Hi[15;44He[15;45Hw[15;46H-[15;47H>[15;48Hl[15;49Hi[15;50Hn[15;51He[15;52H [15;53H1[15;54H-[15;55H>[15;56Ht[15;57He[15;58Hx[15;59Ht[15;60H[39m[49m [15;61H [15;62H [15;63H [15;64H [15;65H [15;66H [15;67H [15;68H [15;69H [15;70H [15;71H [15;72H(0x(B[0m[16;4H[39m[49m(0x(B[16;5H[38;5;33m[49mv[16;6Hi[16;7He[16;8Hw[16;9H-[16;10H>[16;11Ht[16;12He[16;13Hx[16;14Ht[16;15H [16;16H2[16;17H[39m[49m [16;18H [16;19H [16;20H [16;21H [16;22H [16;23H [16;24H [16;25H [16;26H [16;27H [16;28H [16;29H [16;30H [16;31H [16;32H [16;33H [16;34H [16;35H(0x(B[16;41H(0x(B[16;42H[38;5;201m[49mv[16;43Hi[16;44He[16;45Hw[16;46H-[16;47H>[16;48Hl[16;49Hi[16;50Hn[16;51He[16;52H [16;53H2[16;54H-[16;55H>[16;56Ht[16;57He[16;58Hx[16;59Ht[16;60H [16;61H1[16;62H[38;5;231m[49mv[16;63Hi[16;64He[16;65Hw[16;66H-[16;67H>[16;68Hl[16;69Hi[16;70Hn[16;71He[16;72H[39m[49m(0x(B[0m[17;4H[39m[49m(0x(B[17;5H [17;6H [17;7H [17;8H [17;9H [17;10H [17;11H [17;12H [17;13H [17;14H [17;15H [17;16H [17;17H [17;18H [17;19H [17;20H [17;21H [17;22H [17;23H [17;24H [17;25H [17;26H [17;27H [17;28H [17;29H [17;30H [17;31H [17;32H [17;33H [17;34H [17;35H(0x(B[17;41H(0x(B[17;42H [17;43H [17;44H [17;45H [17;46H [17;47H [17;48H [17;49H [17;50H [17;51H [17;52H [17;53H [17;54H [17;55H [17;56H [17;57H [17;58H [17;59H [17;60H [17;61H [17;62H [17;63H [17;64H [17;65H [17;66H [17;67H [17;68H [17;69H [17;70H [17;71H [17;72H(0x(B[0m[18;4H[39m[49m(0m(B[18;5H(0q(B[18;6H(0q(B[18;7H(0q(B[18;8H(0q(B[18;9H(0q(B[18;10H(0q(B[18;11H(0q(B[18;12H(0q(B[18;13H(0q(B[18;14H(0q(B[18;15H(0q(B[18;16H(0q(B[18;17H(0q(B[18;18H(0q(B[18;19H(0q(B[18;20H(0q(B[18;21H(0q(B[18;22H(0q(B[18;23H(0q(B[18;24H(0q(B[18;25H(0q(B[18;26H(0q(B[18;27H(0q(B[18;28H(0q(B[18;29H(0q(B[18;30H(0q(B[18;31H(0q(B[18;32H(0q(B[18;33H(0q(B[18;34H(0q(B[18;35H(0j(B[18;41H(0m(B[18;42H(0q(B[18;43H(0q(B[18;44H(0q(B[18;45H(0q(B[18;46H(0q(B[18;47H(0q(B[18;48H(0q(B[18;49H(0q(B[18;50H(0q(B[18;51H(0q(B[18;52H(0q(B[18;53H(0q(B[18;54H(0q(B[18;55H(0q(B[18;56H(0q(B[18;57H(0q(B[18;58H(0q(B[18;59H(0q(B[18;60H(0q(B[18;61H(0q(B[18;62H(0q(B[18;63H(0q(B[18;64H(0q(B[18;65H(0q(B[18;66H(0q(B[18;67H(0q(B[18;68H(0q(B[18;69H(0q(B[18;70H(0q(B[18;71H(0q(B[18;72H(0j(B[0m[19;4H[39m[49mM[19;5Hu[19;6Hl[19;7Ht[19;8Hi[19;9Hp[19;10Hl[19;11He[19;12H [19;13H`[19;14Ht[19;15He[19;16Hx[19;17Ht[19;18H`[19;19H [19;20Hk[19;21He[19;22Hy[19;23Hw[19;24Ho[19;25Hr[19;26Hd[19;27Hs[19;28H [19;29Hw[19;30Hi[19;31Ht[19;32Hh[19;33Hi[19;34Hn[19;35H [19;41H[38;5;196m[49mL[19;42Hi[19;43Hn[19;44He[19;45H [19;46H`[19;47Hb[19;48Hl[19;49Ho[19;50Hc[19;51Hk[19;52H`[19;53H [19;54Hs[19;55Hy[19;56Hn[19;57Ht[19;58Ha[19;59Hx[19;60H.[19;61H[39m[49m [19;62H [19;63H [19;64H [19;65H [19;66H [19;67H [19;68H [19;69H [19;70H [19;71H [19;72H [0m[20;4H[39m[49ma[20;5H [20;6Hv[20;7Hi[20;8He[20;9Hw[20;10H [20;11Ha[20;12Hr[20;13He[20;14H [20;15Ht[20;16Hr[20;17He[20;18Ha[20;19Ht[20;20He[20;21Hd[20;22H [20;23Ha[20;24Hs[20;25H [20;26Hs[20;27He[20;28Hp[20;29Ha[20;30Hr[20;31Ha[20;32Ht[20;33He[20;34H [20;35H [20;41H[38;5;16m[48;5;226mA[20;42H [20;43Hs[20;44Hi[20;45Hn[20;46Hg[20;47Hl[20;48He[20;49H [20;50H[38;5;226m[48;5;16m`[20;51Ht[20;52He[20;53Hx[20;54Ht[20;55H`[20;56H [20;57H[38;5;16m[48;5;226mi[20;58Hs[20;59H [20;60Hj[20;61Hu[20;62Hs[20;63Ht[20;64H [20;65Ha[20;66H[39m[49m [20;67H [20;68H [20;69H [20;70H [20;71H [20;72H [0m[21;4H[39m[49ml[21;5Hi[21;6Hn[21;7He[21;8Hs[21;9H.[21;10H [21;11H [21;12H [21;13H [21;14H [21;15H [21;16H [21;17H [21;18H [21;19H [21;20H [21;21H [21;22H [21;23H [21;24H [21;25H [21;26H [21;27H [21;28H [21;29H [21;30H [21;31H [21;32H [21;33H [21;34H [21;35H [21;41H[39m[48;5;196ms[21;42Ht[21;43Hr[21;44He[21;45Ha[21;46Hm[21;47H [21;48Hw[21;49Hi[21;50Ht[21;51Hh[21;52Hi[21;53Hn[21;54H [21;55Ha[21;56H [21;57Hl[21;58Hi[21;59Hn[21;60He[21;61H,[21;62H [21;63Hw[21;64Hh[21;65Hi[21;66Hl[21;67Hs[21;68Ht[21;69H[39m[49m [21;70H [21;71H [21;72H [0m[22;4H[39m[49m [22;5H [22;6H [22;7H [22;8H [22;9H [22;10H [22;11H [22;12H [22;13H [22;14H [22;15H [22;16H [22;17H [22;18H [22;19H [22;20H [22;21H [22;22H [22;23H [22;24H [22;25H [22;26H [22;27H [22;28H [22;29H [22;30H [22;31H [22;32H [22;33H [22;34H [22;35H [22;41H[38;5;28m[49mm[22;42Hu[22;43Hl[22;44Ht[22;45Hi[22;46Hp[22;47Hl[22;48He[22;49H [22;50H[38;5;196m[49m`[22;51Ht[22;52He[22;53Hx[22;54Ht[22;55H`[22;56H[38;5;28m[49ms[22;57H [22;58Ha[22;59Hr[22;60He[22;61H [22;62Ht[22;63Hr[22;64He[22;65Ha[22;66Ht[22;67He[22;68Hd[22;69H[39m[49m [22;70H [22;71H [22;72H [0m[23;4H[39m[49m [23;5H [23;6H [23;7H [23;8H [23;9H [23;10H [23;11H [23;12H [23;13H [23;14H [23;15H [23;16H [23;17H [23;18H [23;19H [23;20H [23;21H [23;22H [23;23H [23;24H [23;25H [23;26H [23;27H [23;28H [23;29H [23;30H [23;31H [23;32H [23;33H [23;34H [23;35H [23;41H[38;5;217m[48;5;18ma[23;42Hs[23;43H [23;44Hs[23;45He[23;46Hp[23;47Ha[23;48Hr[23;49Ha[23;50Ht[23;51He[23;52H [23;53Hs[23;54Ht[23;55Hr[23;56He[23;57Ha[23;58Hm[23;59Hs[23;60H.[23;61H[39m[49m [23;62H [23;63H [23;64H [23;65H [23;66H [23;67H [23;68H [23;69H [23;70H [23;71H [23;72H [0m[24;4H[39m[49m(0l(B[24;5H(0q(B[24;6H [24;7HT[24;8He[24;9Hs[24;10Ht[24;11H [24;12H5[24;13H [24;14H(0q(B[24;15H(0q(B[24;16H(0q(B[24;17H(0q(B[24;18H(0q(B[24;19H(0q(B[24;20H(0q(B[24;21H(0q(B[24;22H(0q(B[24;23H(0q(B[24;24H(0q(B[24;25H(0q(B[24;26H(0q(B[24;27H(0q(B[24;28H(0q(B[24;29H(0q(B[24;30H(0q(B[24;31H(0q(B[24;32H(0q(B[24;33H(0q(B[24;34H(0q(B[24;35H(0k(B[24;41H(0l(B[24;42H(0q(B[24;43H [24;44HT[24;45He[24;46Hs[24;47Ht[24;48H [24;49H6[24;50H [24;51H(0q(B[24;52H(0q(B[24;53H(0q(B[24;54H(0q(B[24;55H(0q(B[24;56H(0q(B[24;57H(0q(B[24;58H(0q(B[24;59H(0q(B[24;60H(0q(B[24;61H(0q(B[24;62H(0q(B[24;63H(0q(B[24;64H(0q(B[24;65H(0q(B[24;66H(0q(B[24;67H(0q(B[24;68H(0q(B[24;69H(0q(B[24;70H(0q(B[24;71H(0q(B[24;72H(0k(B[0m[25;4H[39m[49m(0x(B[25;5H[38;5;46m[48;5;18mv[25;6Hi[25;7He[25;8Hw[25;9H-[25;10H>[25;11Hl[25;12Hi[25;13Hn[25;14He[25;15Hs[25;16H-[25;17H>[25;18Hl[25;19Hi[25;20Hn[25;21He[25;22H [25;23H1[25;24H[39m[49m [25;25H [25;26H [25;27H [25;28H [25;29H [25;30H [25;31H [25;32H [25;33H [25;34H [25;35H(0x(B[25;41H(0x(B[25;42H [25;43H [25;44H [25;45H [25;46H [25;47H [25;48H [25;49H [25;50H [25;51H [25;52H [25;53H [25;54H [25;55H [25;56H [25;57H [25;58H [25;59H [25;60H [25;61H [25;62H [25;63H [25;64H [25;65H [25;66H [25;67H [25;68H [25;69H [25;70H [25;71H [25;72H(0x(B[0m[26;4H[39m[49m(0x(B[26;5H[38;5;33m[48;5;16mv[26;6Hi[26;7He[26;8Hw[26;9H-[26;10H>[26;11Hl[26;12Hi[26;13Hn[26;14He[26;15Hs[26;16H-[26;17H>[26;18Hl[26;19Hi[26;20Hn[26;21He[26;22H [26;23H2[26;24H[39m[49m [26;25H [26;26H [26;27H [26;28H [26;29H [26;30H [26;31H [26;32H [26;33H [26;34H [26;35H(0x(B[26;41H(0x(B[26;42H [26;43H [26;44H [26;45H [26;46H [26;47H [26;48H [26;49H [26;50H [26;51H [26;52H [26;53H [26;54H [26;55H [26;56H [26;57H [26;58H [26;59H [26;60H [26;61H [26;62H [26;63H [26;64H [26;65H [26;66H [26;67H [26;68H [26;69H [26;70H [26;71H [26;72H(0x(B[0m[27;4H[39m[49m(0x(B[27;5H[38;5;70m[48;5;18mv[27;6Hi[27;7He[27;8Hw[27;9H-[27;10H>[27;11Hl[27;12Hi[27;13Hn[27;14He[27;15Hs[27;16H-[27;17H>[27;18Hl[27;19Hi[27;20Hn[27;21He[27;22H [27;23H3[27;24H[39m[49m [27;25H [27;26H [27;27H [27;28H [27;29H [27;30H [27;31H [27;32H [27;33H [27;34H [27;35H(0x(B[27;41H(0x(B[27;42H [27;43H [27;44H [27;45H [27;46H [27;47H [27;48H [27;49H [27;50H [27;51H [27;52H [27;53H [27;54H [27;55H [27;56H [27;57H [27;58H [27;59H [27;60H [27;61H [27;62H [27;63H [27;64H [27;65H [27;66H [27;67H [27;68H [27;69H [27;70H [27;71H [27;72H(0x(B[0m[28;4H[39m[49m(0m(B[28;5H(0q(B[28;6H(0q(B[28;7H(0q(B[28;8H(0q(B[28;9H(0q(B[28;10H(0q(B[28;11H(0q(B[28;12H(0q(B[28;13H(0q(B[28;14H(0q(B[28;15H(0q(B[28;16H(0q(B[28;17H(0q(B[28;18H(0q(B[28;19H(0q(B[28;20H(0q(B[28;21H(0q(B[28;22H(0q(B[28;23H(0q(B[28;24H(0q(B[28;25H(0q(B[28;26H(0q(B[28;27H(0q(B[28;28H(0q(B[28;29H(0q(B[28;30H(0q(B[28;31H(0q(B[28;32H(0q(B[28;33H(0q(B[28;34H(0q(B[28;35H(0j(B[28;41H(0m(B[28;42H(0q(B[28;43H(0q(B[28;44H(0q(B[28;45H(0q(B[28;46H(0q(B[28;47H(0q(B[28;48H(0q(B[28;49H(0q(B[28;50H(0q(B[28;51H(0q(B[28;52H(0q(B[28;53H(0q(B[28;54H(0q(B[28;55H(0q(B[28;56H(0q(B[28;57H(0q(B[28;58H(0q(B[28;59H(0q(B[28;60H(0q(B[28;61H(0q(B[28;62H(0q(B[28;63H(0q(B[28;64H(0q(B[28;65H(0q(B[28;66H(0q(B[28;67H(0q(B[28;68H(0q(B[28;69H(0q(B[28;70H(0q(B[28;71H(0q(B[28;72H(0j(B[0m[29;4H[39m[49mM[29;5Hu[29;6Hl[29;7Ht[29;8Hi[29;9Hp[29;10Hl[29;11He[29;12H [29;13H`[29;14Hl[29;15Hi[29;16Hn[29;17He[29;18H`[29;19H [29;20Hk[29;21He[29;22Hy[29;23Hw[29;24Ho[29;25Hr[29;26Hd[29;27Hs[29;28H [29;29Hw[29;30Hi[29;31Ht[29;32Hh[29;33Hi[29;34Hn[29;35H [29;41H [29;42H [29;43H [29;44H [29;45H [29;46H [29;47H [29;48H [29;49H [29;50H [29;51H [29;52H [29;53H [29;54H [29;55H [29;56H [29;57H [29;58H [29;59H [29;60H [29;61H [29;62H [29;63H [29;64H [29;65H [29;66H [29;67H [29;68H [29;69H [29;70H [29;71H [29;72H [0m[30;4H[39m[49ma[30;5H [30;6H`[30;7Hl[30;8Hi[30;9Hn[30;10He[30;11Hs[30;12H`[30;13H [30;14Hb[30;15Hl[30;16Ho[30;17Hc[30;18Hk[30;19H [30;20Hv[30;21Hi[30;22He[30;23Hw[30;24H [30;25Ha[30;26Hr[30;27He[30;28H [30;29H [30;30H [30;31H [30;32H [30;33H [30;34H [30;35H [30;41H [30;42H [30;43H [30;44H [30;45H [30;46H [30;47H [30;48H [30;49H [30;50H [30;51H [30;52H [30;53H [30;54H [30;55H [30;56H [30;57H [30;58H [30;59H [30;60H [30;61H [30;62H [30;63H [30;64H [30;65H [30;66H [30;67H [30;68H [30;69H [30;70H [30;71H [30;72H [0m[31;4H[39m[49mt[31;5Hr[31;6He[31;7Ha[31;8Ht[31;9He[31;10Hd[31;11H [31;12Ha[31;13Hs[31;14H [31;15Hs[31;16He[31;17Hp[31;18Ha[31;19Hr[31;20Ha[31;21Ht[31;22He[31;23H [31;24Hl[31;25Hi[31;26Hn[31;27He[31;28Hs[31;29H.[31;30H [31;31H [31;32H [31;33H [31;34H [31;35H [31;41H [31;42H [31;43H [31;44H [31;45H [31;46H [31;47H [31;48H [31;49H [31;50H [31;51H [31;52H [31;53H [31;54H [31;55H [31;56H [31;57H [31;58H [31;59H [31;60H [31;61H [31;62H [31;63H [31;64H [31;65H [31;66H [31;67H [31;68H [31;69H [31;70H [31;71H [31;72H [0m[32;4H[39m[49m [32;5H [32;6H [32;7H [32;8H [32;9H [32;10H [32;11H [32;12H [32;13H [32;14H [32;15H [32;16H [32;17H [32;18H [32;19H [32;20H [32;21H [32;22H [32;23H [32;24H [32;25H [32;26H [32;27H [32;28H [32;29H [32;30H [32;31H [32;32H [32;33H [32;34H [32;35H [32;41H [32;42H [32;43H [32;44H [32;45H [32;46H [32;47H [32;48H [32;49H [32;50H [32;51H [32;52H [32;53H [32;54H [32;55H [32;56H [32;57H [32;58H [32;59H [32;60H [32;61H [32;62H [32;63H [32;64H [32;65H [32;66H [32;67H [32;68H [32;69H [32;70H [32;71H [32;72H [0m[33;4H[39m[49m [33;5H [33;6H [33;7H [33;8H [33;9H [33;10H [33;11H [33;12H [33;13H [33;14H [33;15H [33;16H [33;17H [33;18H [33;19H [33;20H [33;21H [33;22H [33;23H [33;24H [33;25H [33;26H [33;27H [33;28H [33;29H [33;30H [33;31H [33;32H [33;33H [33;34H [33;35H [33;41H [33;42H [33;43H [33;44H [33;45H [33;46H [33;47H [33;48H [33;49H [33;50H [33;51H [33;52H [33;53H [33;54H [33;55H [33;56H [33;57H [33;58H [33;59H [33;60H [33;61H [33;62H [33;63H [33;64H [33;65H [33;66H [33;67H [33;68H [33;69H [33;70H [33;71H [33;72H [0m[0m[0m[0m[0m[0m[0m[0m[0m[0m[0m[0m[0m[0m[0m[0m[0m[0m[0m[0m[0m[0m[0m[0m[0m