[0m[0m[0m[3;4H[39m[49m(0l(B[3;5H(0q(B[3;6H [3;7HT[3;8He[3;9Hs[3;10Ht[3;11H [3;12H1[3;13H [3;14H(0q(B[3;15H(0q(B[3;16H(0q(B[3;17H(0q(B[3;18H(0q(B[3;19H(0q(B[3;20H(0q(B[3;21H(0q(B[3;22H(0q(B[3;23H(0q(B[3;24H(0q(B[3;25H(0q(B[3;26H(0q(B[3;27H(0q(B[3;28H(0q(B[3;29H(0q(B[3;30H(0q(B[3;31H(0q(B[3;32H(0q(B[3;33H(0q(B[3;34H(0k(B[3;40H(0l(B[3;41H(0q(B[3;42H [3;43HT[3;44He[3;45Hs[3;46Ht[3;47H [3;48H2[3;49H [3;50H(0q(B[3;51H(0q(B[3;52H(0q(B[3;53H(0q(B[3;54H(0q(B[3;55H(0q(B[3;56H(0q(B[3;57H(0q(B[3;58H(0q(B[3;59H(0q(B[3;60H(0q(B[3;61H(0q(B[3;62H(0q(B[3;63H(0q(B[3;64H(0q(B[3;65H(0q(B[3;66H(0q(B[3;67H(0q(B[3;68H(0q(B[3;69H(0q(B[3;70H(0k(B[0m[4;4H[39m[49m(0x(B[4;5H[38;5;196m[49mv[4;6Hi[4;7He[4;8Hw[4;9H-[4;10H>[4;11Hs[4;12Ht[4;13Hr[4;14He[4;15Ha[4;16Hm[4;17H[39m[49m [4;18H [4;19H [4;20H [4;21H [4;22H [4;23H [4;24H [4;25H [4;26H [4;27H [4;28H [4;29H [4;30H [4;31H [4;32H [4;33H [4;34H(0x(B[4;40H(0x(B[4;41H[38;5;208m[49mv[4;42Hi[4;43He[4;44Hw[4;45H-[4;46H>[4;47Hs[4;48Ht[4;49Hr[4;50He[4;51Ha[4;52Hm[4;53H [4;54H1[4;55H[39m[49m [4;56H [4;57H [4;58H [4;59H [4;60H [4;61H [4;62H [4;63H [4;64H [4;65H [4;66H [4;67H [4;68H [4;69H [4;70H(0x(B[0m[5;4H[39m[49m(0x(B[5;5H [5;6H [5;7H [5;8H [5;9H [5;10H [5;11H [5;12H [5;13H [5;14H [5;15H [5;16H [5;17H [5;18H [5;19H [5;20H [5;21H [5;22H [5;23H [5;24H [5;25H [5;26H [5;27H [5;28H [5;29H [5;30H [5;31H [5;32H [5;33H [5;34H(0x(B[5;40H(0x(B[5;41H[38;5;226m[49mv[5;42Hi[5;43He[5;44Hw[5;45H-[5;46H>[5;47Hs[5;48Ht[5;49Hr[5;50He[5;51Ha[5;52Hm[5;53H [5;54H2[5;55H[39m[49m [5;56H [5;57H [5;58H [5;59H [5;60H [5;61H [5;62H [5;63H [5;64H [5;65H [5;66H [5;67H [5;68H [5;69H [5;70H(0x(B[0m[6;4H[39m[49m(0x(B[6;5H [6;6H [6;7H [6;8H [6;9H [6;10H [6;11H [6;12H [6;13H [6;14H [6;15H [6;16H [6;17H [6;18H [6;19H [6;20H [6;21H [6;22H [6;23H [6;24H [6;25H [6;26H [6;27H [6;28H [6;29H [6;30H [6;31H [6;32H [6;33H [6;34H(0x(B[6;40H(0x(B[6;41H [6;42H [6;43H [6;44H [6;45H [6;46H [6;47H [6;48H [6;49H [6;50H [6;51H [6;52H [6;53H [6;54H [6;55H [6;56H [6;57H [6;58H [6;59H [6;60H [6;61H [6;62H [6;63H [6;64H [6;65H [6;66H [6;67H [6;68H [6;69H [6;70H(0x(B[0m[7;4H[39m[49m(0x(B[7;5H [7;6H [7;7H [7;8H [7;9H [7;10H [7;11H [7;12H [7;13H [7;14H [7;15H [7;16H [7;17H [7;18H [7;19H [7;20H [7;21H [7;22H [7;23H [7;24H [7;25H [7;26H [7;27H [7;28H [7;29H [7;30H [7;31H [7;32H [7;33H [7;34H(0x(B[7;40H(0x(B[7;41H [7;42H [7;43H [7;44H [7;45H [7;46H [7;47H [7;48H [7;49H [7;50H [7;51H [7;52H [7;53H [7;54H [7;55H [7;56H [7;57H [7;58H [7;59H [7;60H [7;61H [7;62H [7;63H [7;64H [7;65H [7;66H [7;67H [7;68H [7;69H [7;70H(0x(B[0m[8;4H[39m[49m(0m(B[8;5H(0q(B[8;6H(0q(B[8;7H(0q(B[8;8H(0q(B[8;9H(0q(B[8;10H(0q(B[8;11H(0q(B[8;12H(0q(B[8;13H(0q(B[8;14H(0q(B[8;15H(0q(B[8;16H(0q(B[8;17H(0q(B[8;18H(0q(B[8;19H(0q(B[8;20H(0q(B[8;21H(0q(B[8;22H(0q(B[8;23H(0q(B[8;24H(0q(B[8;25H(0q(B[8;26H(0q(B[8;27H(0q(B[8;28H(0q(B[8;29H(0q(B[8;30H(0q(B[8;31H(0q(B[8;32H(0q(B[8;33H(0q(B[8;34H(0j(B[8;40H(0m(B[8;41H(0q(B[8;42H(0q(B[8;43H(0q(B[8;44H(0q(B[8;45H(0q(B[8;46H(0q(B[8;47H(0q(B[8;48H(0q(B[8;49H(0q(B[8;50H(0q(B[8;51H(0q(B[8;52H(0q(B[8;53H(0q(B[8;54H(0q(B[8;55H(0q(B[8;56H(0q(B[8;57H(0q(B[8;58H(0q(B[8;59H(0q(B[8;60H(0q(B[8;61H(0q(B[8;62H(0q(B[8;63H(0q(B[8;64H(0q(B[8;65H(0q(B[8;66H(0q(B[8;67H(0q(B[8;68H(0q(B[8;69H(0q(B[8;70H(0j(B[0m[9;4H[39m[49mA[9;5H [9;6Hs[9;7Hi[9;8Hn[9;9Hg[9;10Hl[9;11He[9;12H [9;13Hs[9;14Ht[9;15Hr[9;16He[9;17Ha[9;18Hm[9;19H [9;20Hw[9;21Hi[9;22Ht[9;23Hh[9;24Hi[9;25Hn[9;26H [9;27Ha[9;28H [9;29Hv[9;30Hi[9;31He[9;32Hw[9;33H.[9;34H [9;40HM[9;41Hu[9;42Hl[9;43Ht[9;44Hi[9;45Hp[9;46Hl[9;47He[9;48H [9;49Hs[9;50Ht[9;51Hr[9;52He[9;53Ha[9;54Hm[9;55Hs[9;56H [9;57Hw[9;58Hi[9;59Ht[9;60Hh[9;61Hi[9;62Hn[9;63H [9;64Ha[9;65H [9;66Hv[9;67Hi[9;68He[9;69Hw[9;70H.[0m[10;4H[39m[49m [10;5H [10;6H [10;7H [10;8H [10;9H [10;10H [10;11H [10;12H [10;13H [10;14H [10;15H [10;16H [10;17H [10;18H [10;19H [10;20H [10;21H [10;22H [10;23H [10;24H [10;25H [10;26H [10;27H [10;28H [10;29H [10;30H [10;31H [10;32H [10;33H [10;34H [10;40H([10;41HN[10;42Ho[10;43H [10;44Hl[10;45Hi[10;46Hn[10;47He[10;48H/[10;49Hl[10;50Hi[10;51Hn[10;52He[10;53Hs[10;54H [10;55Hb[10;56Hl[10;57Ho[10;58Hc[10;59Hk[10;60H)[10;61H [10;62H [10;63H [10;64H [10;65H [10;66H [10;67H [10;68H [10;69H [10;70H [0m[11;4H[39m[49m [11;5H [11;6H [11;7H [11;8H [11;9H [11;10H [11;11H [11;12H [11;13H [11;14H [11;15H [11;16H [11;17H [11;18H [11;19H [11;20H [11;21H [11;22H [11;23H [11;24H [11;25H [11;26H [11;27H [11;28H [11;29H [11;30H [11;31H [11;32H [11;33H [11;34H [11;40H [11;41H [11;42H [11;43H [11;44H [11;45H [11;46H [11;47H [11;48H [11;49H [11;50H [11;51H [11;52H [11;53H [11;54H [11;55H [11;56H [11;57H [11;58H [11;59H [11;60H [11;61H [11;62H [11;63H [11;64H [11;65H [11;66H [11;67H [11;68H [11;69H [11;70H [0m[12;4H[39m[49m(0l(B[12;5H(0q(B[12;6H [12;7HT[12;8He[12;9Hs[12;10Ht[12;11H [12;12H3[12;13H [12;14H(0q(B[12;15H(0q(B[12;16H(0q(B[12;17H(0q(B[12;18H(0q(B[12;19H(0q(B[12;20H(0q(B[12;21H(0q(B[12;22H(0q(B[12;23H(0q(B[12;24H(0q(B[12;25H(0q(B[12;26H(0q(B[12;27H(0q(B[12;28H(0q(B[12;29H(0q(B[12;30H(0q(B[12;31H(0q(B[12;32H(0q(B[12;33H(0q(B[12;34H(0k(B[12;40H(0l(B[12;41H(0q(B[12;42H [12;43HT[12;44He[12;45Hs[12;46Ht[12;47H [12;48H4[12;49H [12;50H(0q(B[12;51H(0q(B[12;52H(0q(B[12;53H(0q(B[12;54H(0q(B[12;55H(0q(B[12;56H(0q(B[12;57H(0q(B[12;58H(0q(B[12;59H(0q(B[12;60H(0q(B[12;61H(0q(B[12;62H(0q(B[12;63H(0q(B[12;64H(0q(B[12;65H(0q(B[12;66H(0q(B[12;67H(0q(B[12;68H(0q(B[12;69H(0q(B[12;70H(0k(B[0m[13;4H[39m[49m(0x(B[13;5H[38;5;46m[49mv[13;6Hi[13;7He[13;8Hw[13;9H-[13;10H>[13;11Hl[13;12Hi[13;13Hn[13;14He[13;15H [13;16H1[13;17H-[13;18H>[13;19Hs[13;20Ht[13;21Hr[13;22He[13;23Ha[13;24Hm[13;25H[39m[49m [13;26H [13;27H [13;28H [13;29H [13;30H [13;31H [13;32H [13;33H [13;34H(0x(B[13;40H(0x(B[13;41H[38;5;56m[49mv[13;42Hi[13;43He[13;44Hw[13;45H-[13;46H>[13;47Hl[13;48Hi[13;49Hn[13;50He[13;51Hs[13;52H-[13;53H>[13;54Hl[13;55Hi[13;56Hn[13;57He[13;58H-[13;59H>[13;60Hs[13;61Ht[13;62Hr[13;63He[13;64Ha[13;65Hm[13;66H[39m[49m [13;67H [13;68H [13;69H [13;70H(0x(B[0m[14;4H[39m[49m(0x(B[14;5H[38;5;33m[49mv[14;6Hi[14;7He[14;8Hw[14;9H-[14;10H>[14;11Hl[14;12Hi[14;13Hn[14;14He[14;15H [14;16H2[14;17H-[14;18H>[14;19Hs[14;20Ht[14;21Hr[14;22He[14;23Ha[14;24Hm[14;25H [14;26H1[14;27H[38;5;201m[49mv[14;28Hi[14;29He[14;30Hw[14;31H-[14;32H>[14;33Hl[14;34H[39m[49m(0x(B[14;40H(0x(B[14;41H[38;5;201m[49mv[14;42Hi[14;43He[14;44Hw[14;45H-[14;46H>[14;47Hs[14;48Ht[14;49Hr[14;50He[14;51Ha[14;52Hm[14;53H [14;54H2[14;55H-[14;56H>[14;57Ht[14;58He[14;59Hx[14;60Ht[14;61H [14;62H1[14;63H[38;5;231m[49mv[14;64Hi[14;65He[14;66Hw[14;67H-[14;68H>[14;69Hs[14;70H[39m[49m(0x(B[0m[15;4H[39m[49m(0x(B[15;5H [15;6H [15;7H [15;8H [15;9H [15;10H [15;11H [15;12H [15;13H [15;14H [15;15H [15;16H [15;17H [15;18H [15;19H [15;20H [15;21H [15;22H [15;23H [15;24H [15;25H [15;26H [15;27H [15;28H [15;29H [15;30H [15;31H [15;32H [15;33H [15;34H(0x(B[15;40H(0x(B[15;41H [15;42H [15;43H [15;44H [15;45H [15;46H [15;47H [15;48H [15;49H [15;50H [15;51H [15;52H [15;53H [15;54H [15;55H [15;56H [15;57H [15;58H [15;59H [15;60H [15;61H [15;62H [15;63H [15;64H [15;65H [15;66H [15;67H [15;68H [15;69H [15;70H(0x(B[0m[16;4H[39m[49m(0m(B[16;5H(0q(B[16;6H(0q(B[16;7H(0q(B[16;8H(0q(B[16;9H(0q(B[16;10H(0q(B[16;11H(0q(B[16;12H(0q(B[16;13H(0q(B[16;14H(0q(B[16;15H(0q(B[16;16H(0q(B[16;17H(0q(B[16;18H(0q(B[16;19H(0q(B[16;20H(0q(B[16;21H(0q(B[16;22H(0q(B[16;23H(0q(B[16;24H(0q(B[16;25H(0q(B[16;26H(0q(B[16;27H(0q(B[16;28H(0q(B[16;29H(0q(B[16;30H(0q(B[16;31H(0q(B[16;32H(0q(B[16;33H(0q(B[16;34H(0j(B[16;40H(0m(B[16;41H(0q(B[16;42H(0q(B[16;43H(0q(B[16;44H(0q(B[16;45H(0q(B[16;46H(0q(B[16;47H(0q(B[16;48H(0q(B[16;49H(0q(B[16;50H(0q(B[16;51H(0q(B[16;52H(0q(B[16;53H(0q(B[16;54H(0q(B[16;55H(0q(B[16;56H(0q(B[16;57H(0q(B[16;58H(0q(B[16;59H(0q(B[16;60H(0q(B[16;61H(0q(B[16;62H(0q(B[16;63H(0q(B[16;64H(0q(B[16;65H(0q(B[16;66H(0q(B[16;67H(0q(B[16;68H(0q(B[16;69H(0q(B[16;70H(0j(B[0m[17;4H[39m[49mM[17;5Hu[17;6Hl[17;7Ht[17;8Hi[17;9Hp[17;10Hl[17;11He[17;12H [17;13H`[17;14Hs[17;15Ht[17;16Hr[17;17He[17;18Ha[17;19Hm[17;20H`[17;21H [17;22Hk[17;23He[17;24Hy[17;25Hw[17;26Ho[17;27Hr[17;28Hd[17;29Hs[17;30H [17;31H [17;32H [17;33H [17;34H [17;40H[38;5;56m[49mA[17;41H [17;42Hs[17;43Hi[17;44Hn[17;45Hg[17;46Hl[17;47He[17;48H [17;49Hs[17;50Ht[17;51Hr[17;52He[17;53Ha[17;54Hm[17;55H [17;56Hw[17;57Hi[17;58Ht[17;59Hh[17;60Hi[17;61Hn[17;62H [17;63Ha[17;64H [17;65Hl[17;66Hi[17;67Hn[17;68He[17;69H[39m[49m [17;70H [0m[18;4H[39m[49mw[18;5Hi[18;6Ht[18;7Hh[18;8Hi[18;9Hn[18;10H [18;11Ha[18;12H [18;13Hl[18;14Hi[18;15Hn[18;16He[18;17H [18;18H([18;19Hb[18;20Hl[18;21Ho[18;22Hc[18;23Hk[18;24H)[18;25H [18;26Ha[18;27Hr[18;28He[18;29H [18;30H [18;31H [18;32H [18;33H [18;34H [18;40H[38;5;56m[49mb[18;41Hl[18;42Ho[18;43Hc[18;44Hk[18;45H,[18;46H [18;47Hi[18;48Hs[18;49H [18;50Ht[18;51Hr[18;52He[18;53Ha[18;54Ht[18;55He[18;56Hd[18;57H [18;58Ha[18;59Hs[18;60H [18;61Ha[18;62H [18;63Hs[18;64Hi[18;65Hn[18;66Hg[18;67Hl[18;68He[18;69H[39m[49m [18;70H [0m[19;4H[39m[49mt[19;5Hr[19;6He[19;7Ha[19;8Ht[19;9He[19;10Hd[19;11H [19;12Ha[19;13Hs[19;14H [19;15Hs[19;16He[19;17Hp[19;18Ha[19;19Hr[19;20Ha[19;21Ht[19;22He[19;23H [19;24Hs[19;25Ht[19;26Hr[19;27He[19;28Ha[19;29Hm[19;30Hs[19;31H.[19;32H [19;33H [19;34H [19;40H[38;5;56m[49ml[19;41Hi[19;42Hn[19;43He[19;44H.[19;45H [19;46H[38;5;201m[49mM[19;47Hu[19;48Hl[19;49Ht[19;50Hi[19;51Hp[19;52Hl[19;53He[19;54H [19;55H[38;5;231m[49m`[19;56Hs[19;57Ht[19;58Hr[19;59He[19;60Ha[19;61Hm[19;62H`[19;63H [19;64H[38;5;201m[49me[19;65Hn[19;66Ht[19;67Hr[19;68Hi[19;69He[19;70Hs[0m[20;4H[39m[49m [20;5H [20;6H [20;7H [20;8H [20;9H [20;10H [20;11H [20;12H [20;13H [20;14H [20;15H [20;16H [20;17H [20;18H [20;19H [20;20H [20;21H [20;22H [20;23H [20;24H [20;25H [20;26H [20;27H [20;28H [20;29H [20;30H [20;31H [20;32H [20;33H [20;34H [20;40H[38;5;201m[49ma[20;41Hr[20;42He[20;43H [20;44Ht[20;45Hr[20;46He[20;47Ha[20;48Ht[20;49He[20;50Hd[20;51H [20;52Ha[20;53Hs[20;54H [20;55H[38;5;231m[49ms[20;56He[20;57Hp[20;58Ha[20;59Hr[20;60Ha[20;61Ht[20;62He[20;63H [20;64Hs[20;65Ht[20;66Hr[20;67He[20;68Ha[20;69Hm[20;70Hs[0m[21;4H[39m[49m [21;5H [21;6H [21;7H [21;8H [21;9H [21;10H [21;11H [21;12H [21;13H [21;14H [21;15H [21;16H [21;17H [21;18H [21;19H [21;20H [21;21H [21;22H [21;23H [21;24H [21;25H [21;26H [21;27H [21;28H [21;29H [21;30H [21;31H [21;32H [21;33H [21;34H [21;40H[38;5;201m[49mi[21;41Hn[21;42H [21;43Ht[21;44Hh[21;45He[21;46H [21;47Hl[21;48Hi[21;49Hn[21;50He[21;51H.[21;52H[39m[49m [21;53H [21;54H [21;55H [21;56H [21;57H [21;58H [21;59H [21;60H [21;61H [21;62H [21;63H [21;64H [21;65H [21;66H [21;67H [21;68H [21;69H [21;70H [0m[22;4H[39m[49m(0l(B[22;5H(0q(B[22;6H [22;7HT[22;8He[22;9Hs[22;10Ht[22;11H [22;12H5[22;13H [22;14H(0q(B[22;15H(0q(B[22;16H(0q(B[22;17H(0q(B[22;18H(0q(B[22;19H(0q(B[22;20H(0q(B[22;21H(0q(B[22;22H(0q(B[22;23H(0q(B[22;24H(0q(B[22;25H(0q(B[22;26H(0q(B[22;27H(0q(B[22;28H(0q(B[22;29H(0q(B[22;30H(0q(B[22;31H(0q(B[22;32H(0q(B[22;33H(0q(B[22;34H(0k(B[22;40H(0l(B[22;41H(0q(B[22;42H [22;43HT[22;44He[22;45Hs[22;46Ht[22;47H [22;48H6[22;49H [22;50H(0q(B[22;51H(0q(B[22;52H(0q(B[22;53H(0q(B[22;54H(0q(B[22;55H(0q(B[22;56H(0q(B[22;57H(0q(B[22;58H(0q(B[22;59H(0q(B[22;60H(0q(B[22;61H(0q(B[22;62H(0q(B[22;63H(0q(B[22;64H(0q(B[22;65H(0q(B[22;66H(0q(B[22;67H(0q(B[22;68H(0q(B[22;69H(0q(B[22;70H(0k(B[0m[23;4H[39m[49m(0x(B[23;5H[38;5;46m[49mv[23;6Hi[23;7He[23;8Hw[23;9H-[23;10H>[23;11Hs[23;12Ht[23;13Hr[23;14He[23;15Ha[23;16Hm[23;17H-[23;18H>[23;19Ht[23;20He[23;21Hx[23;22Ht[23;23H [23;24H1[23;25H[38;5;33m[49mv[23;26Hi[23;27He[23;28Hw[23;29H-[23;30H>[23;31Hs[23;32Ht[23;33Hr[23;34H[39m[49m(0x(B[23;40H(0x(B[23;41H[38;5;46m[49mv[23;42H-[23;43H>[23;44Hl[23;45H-[23;46H>[23;47Hs[23;48Hs[23;49H-[23;50H>[23;51Hs[23;52Ht[23;53Hr[23;54He[23;55Ha[23;56Hm[23;57H [23;58H1[23;59H[38;5;33m[49mv[23;60H-[23;61H>[23;62Hl[23;63H-[23;64H>[23;65Hs[23;66Hs[23;67H-[23;68H>[23;69Hs[23;70H[39m[49m(0x(B[0m[24;4H[39m[49m(0x(B[24;5H [24;6H [24;7H [24;8H [24;9H [24;10H [24;11H [24;12H [24;13H [24;14H [24;15H [24;16H [24;17H [24;18H [24;19H [24;20H [24;21H [24;22H [24;23H [24;24H [24;25H [24;26H [24;27H [24;28H [24;29H [24;30H [24;31H [24;32H [24;33H [24;34H(0x(B[24;40H(0x(B[24;41H [24;42H [24;43H [24;44H [24;45H [24;46H [24;47H [24;48H [24;49H [24;50H [24;51H [24;52H [24;53H [24;54H [24;55H [24;56H [24;57H [24;58H [24;59H [24;60H [24;61H [24;62H [24;63H [24;64H [24;65H [24;66H [24;67H [24;68H [24;69H [24;70H(0x(B[0m[25;4H[39m[49m(0x(B[25;5H [25;6H [25;7H [25;8H [25;9H [25;10H [25;11H [25;12H [25;13H [25;14H [25;15H [25;16H [25;17H [25;18H [25;19H [25;20H [25;21H [25;22H [25;23H [25;24H [25;25H [25;26H [25;27H [25;28H [25;29H [25;30H [25;31H [25;32H [25;33H [25;34H(0x(B[25;40H(0x(B[25;41H [25;42H [25;43H [25;44H [25;45H [25;46H [25;47H [25;48H [25;49H [25;50H [25;51H [25;52H [25;53H [25;54H [25;55H [25;56H [25;57H [25;58H [25;59H [25;60H [25;61H [25;62H [25;63H [25;64H [25;65H [25;66H [25;67H [25;68H [25;69H [25;70H(0x(B[0m[26;4H[39m[49m(0m(B[26;5H(0q(B[26;6H(0q(B[26;7H(0q(B[26;8H(0q(B[26;9H(0q(B[26;10H(0q(B[26;11H(0q(B[26;12H(0q(B[26;13H(0q(B[26;14H(0q(B[26;15H(0q(B[26;16H(0q(B[26;17H(0q(B[26;18H(0q(B[26;19H(0q(B[26;20H(0q(B[26;21H(0q(B[26;22H(0q(B[26;23H(0q(B[26;24H(0q(B[26;25H(0q(B[26;26H(0q(B[26;27H(0q(B[26;28H(0q(B[26;29H(0q(B[26;30H(0q(B[26;31H(0q(B[26;32H(0q(B[26;33H(0q(B[26;34H(0j(B[26;40H(0m(B[26;41H(0q(B[26;42H(0q(B[26;43H(0q(B[26;44H(0q(B[26;45H(0q(B[26;46H(0q(B[26;47H(0q(B[26;48H(0q(B[26;49H(0q(B[26;50H(0q(B[26;51H(0q(B[26;52H(0q(B[26;53H(0q(B[26;54H(0q(B[26;55H(0q(B[26;56H(0q(B[26;57H(0q(B[26;58H(0q(B[26;59H(0q(B[26;60H(0q(B[26;61H(0q(B[26;62H(0q(B[26;63H(0q(B[26;64H(0q(B[26;65H(0q(B[26;66H(0q(B[26;67H(0q(B[26;68H(0q(B[26;69H(0q(B[26;70H(0j(B[0m[27;4H[38;5;46m[49mM[27;5Hu[27;6Hl[27;7Ht[27;8Hi[27;9Hp[27;10Hl[27;11He[27;12H [27;13H[38;5;33m[49m`[27;14Ht[27;15He[27;16Hx[27;17Ht[27;18H`[27;19H [27;20H[38;5;46m[49mk[27;21He[27;22Hy[27;23Hw[27;24Ho[27;25Hr[27;26Hd[27;27Hs[27;28H [27;29Hw[27;30Hi[27;31Ht[27;32Hh[27;33Hi[27;34Hn[27;40HM[27;41Hu[27;42Hl[27;43Ht[27;44Hi[27;45Hp[27;46Hl[27;47He[27;48H [27;49H[38;5;33m[49m`[27;50Hs[27;51Ht[27;52Hr[27;53He[27;54Ha[27;55Hm[27;56H`[27;57H [27;58H[38;5;46m[49mw[27;59Hi[27;60Ht[27;61Hh[27;62Hi[27;63Hn[27;64H [27;65Ha[27;66H [27;67H[39m[49m [27;68H [27;69H [27;70H [0m[28;4H[38;5;46m[49ma[28;5H [28;6H[38;5;33m[49m`[28;7Hs[28;8Ht[28;9Hr[28;10He[28;11Ha[28;12Hm[28;13H`[28;14H [28;15H[38;5;46m[49mb[28;16Hl[28;17Ho[28;18Hc[28;19Hk[28;20H [28;21Hv[28;22Hi[28;23He[28;24Hw[28;25H [28;26Ha[28;27Hr[28;28He[28;29H[39m[49m [28;30H [28;31H [28;32H [28;33H [28;34H [28;40H[38;5;33m[49m`[28;41Hs[28;42Ht[28;43Hr[28;44He[28;45Ha[28;46Hm[28;47Hs[28;48H`[28;49H [28;50H[38;5;46m[49mw[28;51Hi[28;52Ht[28;53Hh[28;54Hi[28;55Hn[28;56H [28;57Ha[28;58H [28;59H[38;5;33m[49m`[28;60Hl[28;61Hi[28;62Hn[28;63He[28;64H`[28;65H[38;5;46m[49m.[28;66H[39m[49m [28;67H [28;68H [28;69H [28;70H [0m[29;4H[38;5;46m[49mt[29;5Hr[29;6He[29;7Ha[29;8Ht[29;9He[29;10Hd[29;11H [29;12Ha[29;13Hs[29;14H [29;15H[38;5;33m[49ms[29;16He[29;17Hp[29;18Ha[29;19Hr[29;20Ha[29;21Ht[29;22He[29;23H [29;24Hs[29;25Ht[29;26Hr[29;27He[29;28Ha[29;29Hm[29;30Hs[29;31H.[29;32H[39m[49m [29;33H [29;34H [29;40H [29;41H [29;42H [29;43H [29;44H [29;45H [29;46H [29;47H [29;48H [29;49H [29;50H [29;51H [29;52H [29;53H [29;54H [29;55H [29;56H [29;57H [29;58H [29;59H [29;60H [29;61H [29;62H [29;63H [29;64H [29;65H [29;66H [29;67H [29;68H [29;69H [29;70H [0m[30;4H[39m[49m [30;5H [30;6H [30;7H [30;8H [30;9H [30;10H [30;11H [30;12H [30;13H [30;14H [30;15H [30;16H [30;17H [30;18H [30;19H [30;20H [30;21H [30;22H [30;23H [30;24H [30;25H [30;26H [30;27H [30;28H [30;29H [30;30H [30;31H [30;32H [30;33H [30;34H [30;40H [30;41H [30;42H [30;43H [30;44H [30;45H [30;46H [30;47H [30;48H [30;49H [30;50H [30;51H [30;52H [30;53H [30;54H [30;55H [30;56H [30;57H [30;58H [30;59H [30;60H [30;61H [30;62H [30;63H [30;64H [30;65H [30;66H [30;67H [30;68H [30;69H [30;70H [0m[31;4H[39m[49m [31;5H [31;6H [31;7H [31;8H [31;9H [31;10H [31;11H [31;12H [31;13H [31;14H [31;15H [31;16H [31;17H [31;18H [31;19H [31;20H [31;21H [31;22H [31;23H [31;24H [31;25H [31;26H [31;27H [31;28H [31;29H [31;30H [31;31H [31;32H [31;33H [31;34H [31;40H [31;41H [31;42H [31;43H [31;44H [31;45H [31;46H [31;47H [31;48H [31;49H [31;50H [31;51H [31;52H [31;53H [31;54H [31;55H [31;56H [31;57H [31;58H [31;59H [31;60H [31;61H [31;62H [31;63H [31;64H [31;65H [31;66H [31;67H [31;68H [31;69H [31;70H [0m[0m[0m[0m[0m[0m[0m[0m[0m[0m[0m[0m[0m[0m[0m[0m[0m[0m[0m[0m[0m[0m[0m[0m[0m[0m[0m